// Jest Snapshot v1, https://goo.gl/fbAQLP

exports[`WeatherPage should match to snapshot 1`] = `
<div>
  <h2
    aria-label={null}
    className="ant-typography"
    style={
      Object {
        "WebkitLineClamp": null,
      }
    }
  >
    Weather page
  </h2>
  <div
    className="ant-row"
    style={Object {}}
  >
    <div
      className="ant-col ant-col-6"
      style={Object {}}
    />
    <div
      className="ant-col ant-col-12"
      style={Object {}}
    >
      <div>
        <div
          className="function search() { [native code] } ant-select-show-search ant-select-auto-complete ant-select ant-select-combobox ant-select-enabled"
          onBlur={[Function]}
          onClick={[Function]}
          onFocus={[Function]}
          onMouseDown={[Function]}
          onMouseOut={[Function]}
          onMouseUp={[Function]}
          onTouchStart={[Function]}
          style={
            Object {
              "width": "100%",
            }
          }
        >
          <div
            aria-autocomplete="list"
            aria-controls="test-uuid"
            aria-expanded={false}
            aria-haspopup="true"
            className="ant-select-selection
            ant-select-selection--single"
            role="combobox"
          >
            <div
              className="ant-select-selection__rendered"
            >
              <ul>
                <li
                  className="ant-select-search ant-select-search--inline"
                >
                  <div
                    className="ant-select-search__field__wrap"
                  >
                    <span
                      className="ant-input-search ant-select-search__field ant-input-search-enter-button ant-input-search-large ant-input-group-wrapper ant-input-group-wrapper-lg"
                    >
                      <span
                        className="ant-input-wrapper ant-input-group"
                      >
                        <input
                          className="ant-input ant-input-lg"
                          data-testid="search-input-location"
                          onChange={[Function]}
                          onKeyDown={[Function]}
                          placeholder="Search a location"
                          style={null}
                          type="text"
                          value=""
                        />
                        <span
                          className="ant-input-group-addon"
                        >
                          <button
                            className="ant-btn ant-input-search-button ant-btn-primary ant-btn-lg"
                            onClick={[Function]}
                            type="button"
                          >
                            <i
                              aria-label="icon: search"
                              className="anticon anticon-search"
                            >
                              <svg
                                aria-hidden="true"
                                className=""
                                data-icon="search"
                                fill="currentColor"
                                focusable="false"
                                height="1em"
                                viewBox="64 64 896 896"
                                width="1em"
                              >
                                <path
                                  d="M909.6 854.5L649.9 594.8C690.2 542.7 712 479 712 412c0-80.2-31.3-155.4-87.9-212.1-56.6-56.7-132-87.9-212.1-87.9s-155.5 31.3-212.1 87.9C143.2 256.5 112 331.8 112 412c0 80.1 31.3 155.5 87.9 212.1C256.5 680.8 331.8 712 412 712c67 0 130.6-21.8 182.7-62l259.7 259.6a8.2 8.2 0 0 0 11.6 0l43.6-43.5a8.2 8.2 0 0 0 0-11.6zM570.4 570.4C528 612.7 471.8 636 412 636s-116-23.3-158.4-65.6C211.3 528 188 471.8 188 412s23.3-116.1 65.6-158.4C296 211.3 352.2 188 412 188s116.1 23.2 158.4 65.6S636 352.2 636 412s-23.3 116.1-65.6 158.4z"
                                />
                              </svg>
                            </i>
                          </button>
                        </span>
                      </span>
                    </span>
                    <span
                      className="ant-select-search__field__mirror"
                    >
                      Â 
                    </span>
                  </div>
                </li>
              </ul>
            </div>
            <span
              className="ant-select-arrow"
              onClick={[Function]}
              style={
                Object {
                  "WebkitUserSelect": "none",
                  "userSelect": "none",
                }
              }
              unselectable="on"
            >
              <i
                aria-label="icon: down"
                className="anticon anticon-down ant-select-arrow-icon"
              >
                <svg
                  aria-hidden="true"
                  className=""
                  data-icon="down"
                  fill="currentColor"
                  focusable="false"
                  height="1em"
                  viewBox="64 64 896 896"
                  width="1em"
                >
                  <path
                    d="M884 256h-75c-5.1 0-9.9 2.5-12.9 6.6L512 654.2 227.9 262.6c-3-4.1-7.8-6.6-12.9-6.6h-75c-6.5 0-10.3 7.4-6.5 12.7l352.6 486.1c12.8 17.6 39 17.6 51.7 0l352.6-486.1c3.9-5.3.1-12.7-6.4-12.7z"
                  />
                </svg>
              </i>
            </span>
          </div>
        </div>
      </div>
    </div>
    <div
      className="ant-col ant-col-6"
      style={Object {}}
    />
  </div>
</div>
`;
